// Jest Snapshot v1, https://goo.gl/fbAQLP

exports[`ListView renders the component 1`] = `"<div class=\\"\\"><hr class=\\"line\\"/><div class=\\"container\\" role=\\"button\\" tabindex=\\"0\\" aria-label=\\"Open item: Pihlajasaari\\"><div class=\\"infoContainer\\"><div><svg class=\\"largeIcon\\">icon-location.svg</svg></div><div class=\\"infoTextContainer\\"><h2 class=\\"heading\\">Pihlajasaari</h2><div class=\\"shortDescription\\">Lyhyt kuvaus</div></div></div><img src=\\"https://edit.myhelsinki.fi/sites/default/files/styles/api_1980x1020/public/2017-05/Juhannus_Pihlajasaaressa_dewberry__3476.jpg?h=30c08e7f&amp;itok=B9g8B9Em\\" class=\\"image\\" alt=\\"Image: Pihlajasaari\\" width=\\"100\\"/></div><hr class=\\"line\\"/><div class=\\"container\\" role=\\"button\\" tabindex=\\"0\\" aria-label=\\"Open item: Pihlajasaari\\"><div class=\\"infoContainer\\"><div><svg class=\\"largeIcon\\">icon-location.svg</svg></div><div class=\\"infoTextContainer\\"><h2 class=\\"heading\\">Pihlajasaari</h2><div class=\\"shortDescription\\">Lyhyt kuvaus</div></div></div><img src=\\"https://edit.myhelsinki.fi/sites/default/files/styles/api_1980x1020/public/2017-05/Juhannus_Pihlajasaaressa_dewberry__3476.jpg?h=30c08e7f&amp;itok=B9g8B9Em\\" class=\\"image\\" alt=\\"Image: Pihlajasaari\\" width=\\"100\\"/></div><hr class=\\"line\\"/><div class=\\"container\\" role=\\"button\\" tabindex=\\"0\\" aria-label=\\"Open item: Pihlajasaari\\"><div class=\\"infoContainer\\"><div><svg class=\\"largeIcon\\">icon-location.svg</svg></div><div class=\\"infoTextContainer\\"><h2 class=\\"heading\\">Pihlajasaari</h2><div class=\\"shortDescription\\">Lyhyt kuvaus</div></div></div><img src=\\"https://edit.myhelsinki.fi/sites/default/files/styles/api_1980x1020/public/2017-05/Juhannus_Pihlajasaaressa_dewberry__3476.jpg?h=30c08e7f&amp;itok=B9g8B9Em\\" class=\\"image\\" alt=\\"Image: Pihlajasaari\\" width=\\"100\\"/></div><hr class=\\"line\\"/><div class=\\"container\\" role=\\"button\\" tabindex=\\"0\\" aria-label=\\"Open item: Pihlajasaari\\"><div class=\\"infoContainer\\"><div><svg class=\\"largeIcon\\">icon-location.svg</svg></div><div class=\\"infoTextContainer\\"><h2 class=\\"heading\\">Pihlajasaari</h2><div class=\\"shortDescription\\">Lyhyt kuvaus</div></div></div><img src=\\"https://edit.myhelsinki.fi/sites/default/files/styles/api_1980x1020/public/2017-05/Juhannus_Pihlajasaaressa_dewberry__3476.jpg?h=30c08e7f&amp;itok=B9g8B9Em\\" class=\\"image\\" alt=\\"Image: Pihlajasaari\\" width=\\"100\\"/></div><hr class=\\"line\\"/><div class=\\"container\\" role=\\"button\\" tabindex=\\"0\\" aria-label=\\"Open item: Pihlajasaari\\"><div class=\\"infoContainer\\"><div><svg class=\\"largeIcon\\">icon-location.svg</svg></div><div class=\\"infoTextContainer\\"><h2 class=\\"heading\\">Pihlajasaari</h2><div class=\\"shortDescription\\">Lyhyt kuvaus</div></div></div><img src=\\"https://edit.myhelsinki.fi/sites/default/files/styles/api_1980x1020/public/2017-05/Juhannus_Pihlajasaaressa_dewberry__3476.jpg?h=30c08e7f&amp;itok=B9g8B9Em\\" class=\\"image\\" alt=\\"Image: Pihlajasaari\\" width=\\"100\\"/></div><hr class=\\"line\\"/><div class=\\"container\\" role=\\"button\\" tabindex=\\"0\\" aria-label=\\"Open item: Pihlajasaari\\"><div class=\\"infoContainer\\"><div><svg class=\\"largeIcon\\">icon-location.svg</svg></div><div class=\\"infoTextContainer\\"><h2 class=\\"heading\\">Pihlajasaari</h2><div class=\\"shortDescription\\">Lyhyt kuvaus</div></div></div><img src=\\"https://edit.myhelsinki.fi/sites/default/files/styles/api_1980x1020/public/2017-05/Juhannus_Pihlajasaaressa_dewberry__3476.jpg?h=30c08e7f&amp;itok=B9g8B9Em\\" class=\\"image\\" alt=\\"Image: Pihlajasaari\\" width=\\"100\\"/></div><hr class=\\"line\\"/><div class=\\"container\\" role=\\"button\\" tabindex=\\"0\\" aria-label=\\"Open item: Pihlajasaari\\"><div class=\\"infoContainer\\"><div><svg class=\\"largeIcon\\">icon-location.svg</svg></div><div class=\\"infoTextContainer\\"><h2 class=\\"heading\\">Pihlajasaari</h2><div class=\\"shortDescription\\">Lyhyt kuvaus</div></div></div><img src=\\"https://edit.myhelsinki.fi/sites/default/files/styles/api_1980x1020/public/2017-05/Juhannus_Pihlajasaaressa_dewberry__3476.jpg?h=30c08e7f&amp;itok=B9g8B9Em\\" class=\\"image\\" alt=\\"Image: Pihlajasaari\\" width=\\"100\\"/></div><hr class=\\"line\\"/><div class=\\"container\\" role=\\"button\\" tabindex=\\"0\\" aria-label=\\"Open item: Pihlajasaari\\"><div class=\\"infoContainer\\"><div><svg class=\\"largeIcon\\">icon-location.svg</svg></div><div class=\\"infoTextContainer\\"><h2 class=\\"heading\\">Pihlajasaari</h2><div class=\\"shortDescription\\">Lyhyt kuvaus</div></div></div><img src=\\"https://edit.myhelsinki.fi/sites/default/files/styles/api_1980x1020/public/2017-05/Juhannus_Pihlajasaaressa_dewberry__3476.jpg?h=30c08e7f&amp;itok=B9g8B9Em\\" class=\\"image\\" alt=\\"Image: Pihlajasaari\\" width=\\"100\\"/></div><hr class=\\"line\\"/><div class=\\"container\\" role=\\"button\\" tabindex=\\"0\\" aria-label=\\"Open item: Pihlajasaari\\"><div class=\\"infoContainer\\"><div><svg class=\\"largeIcon\\">icon-location.svg</svg></div><div class=\\"infoTextContainer\\"><h2 class=\\"heading\\">Pihlajasaari</h2><div class=\\"shortDescription\\">Lyhyt kuvaus</div></div></div><img src=\\"https://edit.myhelsinki.fi/sites/default/files/styles/api_1980x1020/public/2017-05/Juhannus_Pihlajasaaressa_dewberry__3476.jpg?h=30c08e7f&amp;itok=B9g8B9Em\\" class=\\"image\\" alt=\\"Image: Pihlajasaari\\" width=\\"100\\"/></div><hr class=\\"line\\"/><div class=\\"container\\" role=\\"button\\" tabindex=\\"0\\" aria-label=\\"Open item: Pihlajasaari\\"><div class=\\"infoContainer\\"><div><svg class=\\"largeIcon\\">icon-location.svg</svg></div><div class=\\"infoTextContainer\\"><h2 class=\\"heading\\">Pihlajasaari</h2><div class=\\"shortDescription\\">Lyhyt kuvaus</div></div></div><img src=\\"https://edit.myhelsinki.fi/sites/default/files/styles/api_1980x1020/public/2017-05/Juhannus_Pihlajasaaressa_dewberry__3476.jpg?h=30c08e7f&amp;itok=B9g8B9Em\\" class=\\"image\\" alt=\\"Image: Pihlajasaari\\" width=\\"100\\"/></div><hr class=\\"line\\"/></div>"`;
