// Jest Snapshot v1, https://goo.gl/fbAQLP

exports[`Filter matches snapshot 1`] = `"<div class=\\"container\\"><div><div class=\\"headerContainer\\"><button class=\\"closeButton\\"><svg xmlns=\\"http://www.w3.org/2000/svg\\" width=\\"100%\\" height=\\"100%\\" viewBox=\\"0 0 15 15\\" class=\\"icons\\"><path fill-rule=\\"nonzero\\" d=\\"M13.412 0L15 1.588 9.088 7.5 15 13.412 13.412 15 7.5 9.088 1.588 15 0 13.412 5.911 7.5 0 1.588 1.588 0 7.5 5.912 13.412 0z\\"></path></svg></button><div class=\\"textContainer\\"><div class=\\"filterTitle\\">Filters</div><div class=\\"filterType\\">Saaret</div></div></div><div class=\\"optionContainer\\"><div class=\\"filterOptionContainer\\"><div>Kulkuyhteydet saariin</div><div><button class=\\"filterOption\\">Vesibussi</button><button class=\\"filterOption\\">Lautta</button><button class=\\"filterOption\\">Silta</button></div></div><div class=\\"filterOptionContainer\\"><div>Palvelut saarissa</div><div><button class=\\"filterOption\\">Ravintola</button><button class=\\"filterOption\\">Kahvila</button><button class=\\"filterOption\\">Sauna</button></div></div><div class=\\"filterOptionContainer\\"><div>Retkeily</div><div><button class=\\"filterOption\\">Telttailu sallittu</button><button class=\\"filterOption\\">Kaivo</button></div></div></div></div><div class=\\"footerContainer\\"><button class=\\"clearButton\\">Clear</button><button class=\\"showButton\\">Show 4</button></div></div>"`;
