// Jest Snapshot v1, https://goo.gl/fbAQLP

exports[`Search matches snapshot 1`] = `"<div class=\\"container\\"><div class=\\"search\\"><div class=\\"searchInputWithIcon\\"><svg xmlns=\\"http://www.w3.org/2000/svg\\" width=\\"100%\\" height=\\"100%\\" viewBox=\\"0 0 24 24\\" class=\\"bigIcon\\"><path d=\\"M15.3582734,0.0535251799 C12.0567815,0.0517959979 9.04784082,1.94662012 7.62269829,4.92467659 C6.19755575,7.90273306 6.6096026,11.4345925 8.68201439,14.0046043 L0.00920863309,22.676259 L1.30820144,23.9758273 L9.98273381,15.3035971 C12.9168981,17.6690044 17.0515408,17.841428 20.1724602,15.7285309 C23.2933795,13.6156338 24.6689728,9.71271903 23.5625765,6.10989254 C22.4561801,2.50706606 19.1271543,0.0488985453 15.3582734,0.0517959979 L15.3582734,0.0535251799 Z M15.3582734,15.3657554 C11.637384,15.3657554 8.62100719,12.3493786 8.62100719,8.62848921 C8.62100719,4.90759984 11.637384,1.89122302 15.3582734,1.89122302 C19.0791628,1.89122302 22.0955396,4.90759984 22.0955396,8.62848921 C22.0917339,12.3479875 19.0777709,15.3624653 15.3582734,15.3669065 L15.3582734,15.3657554 Z\\"></path></svg><input type=\\"text\\" class=\\"searchInput\\" value=\\"\\"><button aria-label=\\"close\\"><svg xmlns=\\"http://www.w3.org/2000/svg\\" width=\\"100%\\" height=\\"100%\\" viewBox=\\"0 0 15 15\\" class=\\"bigIcon\\"><path fill-rule=\\"nonzero\\" d=\\"M13.412 0L15 1.588 9.088 7.5 15 13.412 13.412 15 7.5 9.088 1.588 15 0 13.412 5.911 7.5 0 1.588 1.588 0 7.5 5.912 13.412 0z\\"></path></svg></button></div></div></div>"`;

exports[`SearchItem matches snapshot 1`] = `"<div class=\\"searchItem\\"><svg xmlns=\\"http://www.w3.org/2000/svg\\" width=\\"100%\\" height=\\"100%\\" viewBox=\\"0 0 23 23\\" class=\\"bigIcon\\"><path d=\\"M11.6911445,6.57252031e-13 C13.9380141,6.57252031e-13 16.1856662,0.848347826 17.8995793,2.54582609 C21.3274054,5.94 21.0957532,11.2296522 17.8995793,14.8382609 C14.618101,18.5446957 12.868188,20.8565217 11.6911445,23.1793043 C10.5203619,20.8565217 8.7657532,18.5446957 5.48505755,14.8382609 C2.28888364,11.2296522 2.05644886,5.94 5.48505755,2.54582609 C7.19897059,0.848347826 9.44584016,6.57252031e-13 11.6911445,6.57252031e-13 Z M11.6911445,1.73895652 C9.80818799,1.73895652 8.03792712,2.46443478 6.70827494,3.78078261 C5.39505755,5.08069565 4.71418799,6.74295652 4.73923146,8.58913043 C4.76349233,10.4126087 5.49053581,12.222 6.78653581,13.6862609 C9.03966625,16.2305217 10.568101,18.1166087 11.6927097,19.7773043 C12.8220141,18.111913 14.348101,16.2266087 16.598101,13.6862609 C17.894101,12.222 18.6211445,10.4126087 18.6454054,8.58913043 C18.6688836,6.74295652 17.9880141,5.08069565 16.6763619,3.78078261 C15.3451445,2.46443478 13.5756662,1.73895652 11.6911445,1.73895652 Z M11.6922402,5.21538261 C13.6127619,5.21538261 15.168588,6.7719913 15.168588,8.69251304 C15.168588,10.6122522 13.6127619,12.1688609 11.6922402,12.1688609 C9.77171842,12.1688609 8.21510973,10.6122522 8.21510973,8.69251304 C8.21510973,6.7719913 9.77171842,5.21538261 11.6922402,5.21538261 Z M11.6922402,6.95355652 C10.7327619,6.95355652 9.95328364,7.73381739 9.95328364,8.69251304 C9.95328364,9.65042609 10.7327619,10.430687 11.6922402,10.430687 C12.6509358,10.430687 13.4304141,9.65042609 13.4304141,8.69251304 C13.4304141,7.73381739 12.6509358,6.95355652 11.6922402,6.95355652 Z\\"></path></svg><div class=\\"infoContainer\\"><div class=\\"name\\"><span></span><mark class=\\"nameMark\\">Vene</mark><span>paikka</span></div><div class=\\"address\\">Helsinki</div></div></div>"`;
