// Jest Snapshot v1, https://goo.gl/fbAQLP

exports[`Spinner renders without crashing 1`] = `"<div><div style=\\"width:100%;height:100%;overflow:hidden;margin:0 auto;outline:none\\" title=\\"\\" role=\\"button\\" aria-label=\\"animation\\" tabindex=\\"0\\"></div></div>"`;
