// Jest Snapshot v1, https://goo.gl/fbAQLP

exports[`ImageWithCard renders the component 1`] = `"<div style=\\"background-image:url()\\"></div>"`;
