// Jest Snapshot v1, https://goo.gl/fbAQLP

exports[`Slide renders without crashing 1`] = `"<div class=\\"slide\\" style=\\"background-image:url();background-size:cover\\" role=\\"button\\"></div>"`;
