// Jest Snapshot v1, https://goo.gl/fbAQLP

exports[`Menu opens menu on click 1`] = `"<div class=\\"container\\"><div class=\\"headerContainer\\"><a href=\\"/\\"><svg>ahti_logo.svg</svg></a><button class=\\"toggleMenuButton\\" aria-label=\\"close menu\\"><svg xmlns=\\"http://www.w3.org/2000/svg\\" width=\\"100%\\" height=\\"100%\\" viewBox=\\"0 0 15 15\\" class=\\"icon\\"><path fill-rule=\\"nonzero\\" d=\\"M13.412 0L15 1.588 9.088 7.5 15 13.412 13.412 15 7.5 9.088 1.588 15 0 13.412 5.911 7.5 0 1.588 1.588 0 7.5 5.912 13.412 0z\\"></path></svg></button></div><div class=\\"menuContentContainer\\"><div class=\\"container\\"><div class=\\"headerContainer\\" role=\\"button\\" aria-pressed=\\"false\\" aria-label=\\"open submenu\\"><svg xmlns=\\"http://www.w3.org/2000/svg\\" width=\\"100%\\" height=\\"100%\\" viewBox=\\"0 0 23 23\\" class=\\"icon\\"><path d=\\"M11.6911445,6.57252031e-13 C13.9380141,6.57252031e-13 16.1856662,0.848347826 17.8995793,2.54582609 C21.3274054,5.94 21.0957532,11.2296522 17.8995793,14.8382609 C14.618101,18.5446957 12.868188,20.8565217 11.6911445,23.1793043 C10.5203619,20.8565217 8.7657532,18.5446957 5.48505755,14.8382609 C2.28888364,11.2296522 2.05644886,5.94 5.48505755,2.54582609 C7.19897059,0.848347826 9.44584016,6.57252031e-13 11.6911445,6.57252031e-13 Z M11.6911445,1.73895652 C9.80818799,1.73895652 8.03792712,2.46443478 6.70827494,3.78078261 C5.39505755,5.08069565 4.71418799,6.74295652 4.73923146,8.58913043 C4.76349233,10.4126087 5.49053581,12.222 6.78653581,13.6862609 C9.03966625,16.2305217 10.568101,18.1166087 11.6927097,19.7773043 C12.8220141,18.111913 14.348101,16.2266087 16.598101,13.6862609 C17.894101,12.222 18.6211445,10.4126087 18.6454054,8.58913043 C18.6688836,6.74295652 17.9880141,5.08069565 16.6763619,3.78078261 C15.3451445,2.46443478 13.5756662,1.73895652 11.6911445,1.73895652 Z M11.6922402,5.21538261 C13.6127619,5.21538261 15.168588,6.7719913 15.168588,8.69251304 C15.168588,10.6122522 13.6127619,12.1688609 11.6922402,12.1688609 C9.77171842,12.1688609 8.21510973,10.6122522 8.21510973,8.69251304 C8.21510973,6.7719913 9.77171842,5.21538261 11.6922402,5.21538261 Z M11.6922402,6.95355652 C10.7327619,6.95355652 9.95328364,7.73381739 9.95328364,8.69251304 C9.95328364,9.65042609 10.7327619,10.430687 11.6922402,10.430687 C12.6509358,10.430687 13.4304141,9.65042609 13.4304141,8.69251304 C13.4304141,7.73381739 12.6509358,6.95355652 11.6922402,6.95355652 Z\\"></path></svg><div class=\\"titleContainer\\">islands</div><svg xmlns=\\"http://www.w3.org/2000/svg\\" width=\\"100%\\" height=\\"100%\\" viewBox=\\"0 0 199.404 199.404\\" class=\\"icon angleIconClosed\\"><g><polygon points=\\"63.993,199.404 163.695,99.702 63.993,0 35.709,28.285 107.127,99.702 35.709,171.119  \\"></polygon></g></svg></div></div><div class=\\"container\\"><div class=\\"headerContainer\\" role=\\"button\\" aria-pressed=\\"false\\" aria-label=\\"open submenu\\"><svg xmlns=\\"http://www.w3.org/2000/svg\\" width=\\"100%\\" height=\\"100%\\" viewBox=\\"0 0 24 24\\" class=\\"icon\\"><path d=\\"M13.9714253,10.9514872 C14.1495802,10.7554905 14.4021203,10.6437617 14.6669574,10.6437617 L15.7581797,10.6437617 C16.2917391,10.6437617 16.8001765,10.4170603 17.1567126,10.0201253 L21,5.74180501 L20.4183844,5.16018943 L17.5935184,7.98505543 L17.1781003,7.56963729 L19.9198676,4.66167257 L19.3382897,4.08009472 L16.4303627,6.821862 L16.0149068,6.40648158 L18.8397728,3.58161558 L18.258195,3 L13.9798747,6.84324964 C13.5829397,7.19982348 13.3562006,7.70826089 13.3562006,8.24182028 L13.3562006,9.4018829 C13.3562006,9.66513571 13.2458298,9.91628017 13.0519453,10.0943219 L11.7379445,11.309155 L3.64251505,3.18784912 C3.39091794,2.93621428 2.96044924,3.14269743 3.00292275,3.49606501 C3.24086497,5.47538366 4.30553191,7.76171113 6.54153997,9.99771918 L8.18653998,11.6427569 L9.95854562,11.6427569 L10.5907069,12.3698613 L4.03439548,18.4314657 L5.65114268,20.0338036 L11.6041869,13.5355065 L17.3328306,20.1243333 L18.9900521,18.5844608 L12.7310553,12.305472 L13.9714253,10.9514872 Z\\"></path></svg><div class=\\"titleContainer\\">restaurants</div><svg xmlns=\\"http://www.w3.org/2000/svg\\" width=\\"100%\\" height=\\"100%\\" viewBox=\\"0 0 199.404 199.404\\" class=\\"icon angleIconClosed\\"><g><polygon points=\\"63.993,199.404 163.695,99.702 63.993,0 35.709,28.285 107.127,99.702 35.709,171.119  \\"></polygon></g></svg></div></div></div></div>"`;

exports[`Menu renders the component 1`] = `"<div class=\\"container\\"><div class=\\"headerContainer\\"><a href=\\"/\\"><svg>ahti_logo.svg</svg></a><button class=\\"toggleMenuButton\\" aria-label=\\"open menu\\"><svg xmlns=\\"http://www.w3.org/2000/svg\\" width=\\"100%\\" height=\\"100%\\" viewBox=\\"0 0 24 24\\" class=\\"icon\\"><path d=\\"M1.01301075,4.01419355 L22.9875806,4.01419355 L22.9875806,6.61634409 L1.01301075,6.61634409 L1.01301075,4.01419355 Z M1.01301075,17.7482258 L22.9875806,17.7482258 L22.9875806,20.3503763 L1.01301075,20.3503763 L1.01301075,17.7482258 Z M1.01301075,10.8815054 L22.9875806,10.8815054 L22.9875806,13.4836559 L1.01301075,13.4836559 L1.01301075,10.8815054 Z\\"></path></svg></button></div></div>"`;
