// Jest Snapshot v1, https://goo.gl/fbAQLP

exports[`LanguageSelect renders the component 1`] = `"<div><button class=\\"languageButton\\" lang=\\"fi\\">fi</button><button class=\\"languageButton languageButtonEnabled\\" lang=\\"en\\">en</button></div>"`;
