// Jest Snapshot v1, https://goo.gl/fbAQLP

exports[`Select renders normally 1`] = `"<label><span class=\\"labelText\\">Selector</span><select class=\\"select\\"><option>-</option><option value=\\"1\\">First</option><option value=\\"2\\">Second</option></select></label>"`;
